add int: Putting 3 into queue
1 items in queue
Type a to add, d to delete, q to quit:
add int: Putting 5 into queue
2 items in queue
Type a to add, d to delete, q to quit:
add int: Putting 7 into queue
3 items in queue
Type a to add, d to delete, q to quit:
Removing 3 from queue
2 items in queue
Type a to add, d to delete, q to quit:
Removing 5 from queue
1 items in queue
Type a to add, d to delete, q to quit:
Bye.
